AR instructionmemory arqinstructionmemory "C:/Users/Daniela/Desktop/procesador 4 final/IM.vhd" sub00/vhpl05 1477935114
AR add arqadd "C:/Users/Daniela/Desktop/procesador 4 final/Add.vhd" sub00/vhpl03 1477935112
EN psr NULL "C:/Users/Daniela/Desktop/procesador 4 final/PSR.vhd" sub00/vhpl18 1477935127
EN seu NULL "C:/Users/Daniela/Desktop/procesador 4 final/SEU.vhd" sub00/vhpl08 1477935117
EN windowsmanager NULL "C:/Users/Daniela/Desktop/procesador 4 final/WindowsManager.vhd" sub00/vhpl20 1477935129
EN cu NULL "C:/Users/Daniela/Desktop/procesador 4 final/CU.vhd" sub00/vhpl12 1477935121
EN union NULL "C:/Users/Daniela/Desktop/procesador 4 final/Union.vhd" sub00/vhpl22 1477935131
AR mux arqmux "C:/Users/Daniela/Desktop/procesador 4 final/MUX.vhd" sub00/vhpl11 1477935120
EN pc NULL "C:/Users/Daniela/Desktop/procesador 4 final/PC.vhd" sub00/vhpl00 1477935109
AR psr_modifier behavioral "C:/Users/Daniela/Desktop/procesador 4 final/PSR_Modifier.vhd" sub00/vhpl17 1477935126
AR alu arqalu "C:/Users/Daniela/Desktop/procesador 4 final/ALU.vhd" sub00/vhpl15 1477935124
EN register_file NULL "C:/Users/Daniela/Desktop/procesador 4 final/Register_File.vhd" sub00/vhpl06 1477935115
AR pc arqpc "C:/Users/Daniela/Desktop/procesador 4 final/PC.vhd" sub00/vhpl01 1477935110
AR psr arq_psr "C:/Users/Daniela/Desktop/procesador 4 final/PSR.vhd" sub00/vhpl19 1477935128
AR register_file arq_register_file "C:/Users/Daniela/Desktop/procesador 4 final/Register_File.vhd" sub00/vhpl07 1477935116
EN instructionmemory NULL "C:/Users/Daniela/Desktop/procesador 4 final/IM.vhd" sub00/vhpl04 1477935113
AR seu arqseu "C:/Users/Daniela/Desktop/procesador 4 final/SEU.vhd" sub00/vhpl09 1477935118
EN add NULL "C:/Users/Daniela/Desktop/procesador 4 final/Add.vhd" sub00/vhpl02 1477935111
EN psr_modifier NULL "C:/Users/Daniela/Desktop/procesador 4 final/PSR_Modifier.vhd" sub00/vhpl16 1477935125
EN mux NULL "C:/Users/Daniela/Desktop/procesador 4 final/MUX.vhd" sub00/vhpl10 1477935119
AR union arq_union "C:/Users/Daniela/Desktop/procesador 4 final/Union.vhd" sub00/vhpl23 1477935132
AR windowsmanager arq_wm "C:/Users/Daniela/Desktop/procesador 4 final/WindowsManager.vhd" sub00/vhpl21 1477935130
AR cu arq_cu "C:/Users/Daniela/Desktop/procesador 4 final/CU.vhd" sub00/vhpl13 1477935122
EN alu NULL "C:/Users/Daniela/Desktop/procesador 4 final/ALU.vhd" sub00/vhpl14 1477935123
